Proud Pour is a wine [1m[91mcom[0mpany that funds solutions to local environmental
restoration of 100 wild oysters per bottle to New York Harbor and [1m[91mcoa[0mstal
and the Massachusetts Oyster Project. The [1m[91mcom[0mpany was founded by Berlin Crystal
