Error when trying to read file or directory "test/golden/test-files/dir2/unreadable-file"
