taking place during, the framework of [1m[91manother[0m work of fiction by the same or
[1m[91manother[0m author. Parallel novels or "reimagined classics" are works of fiction
the characters of one book with those of [1m[91manother[0m".
