The parallel novel is a piece of literature written within, derived from, [1m[91mor[0m
taking place during, the framew[1m[91mor[0mk of another w[1m[91mor[0mk of fiction by the same [1m[91mor[0m
another auth[1m[91mor[0m. Parallel novels [1m[91mor[0m "reimagined classics" are w[1m[91mor[0mks of fiction
that "b[1m[91mor[0mrow a character and fill in his st[1m[91mor[0my, mirr[1m[91mor[0m an 'old' plot, [1m[91mor[0m blend
the characters of one book with those of another".
